# Netscape HTTP Cookie File
# http:\/\/curl\.haxx\.se\/rfc\/cookie_spec\.html
# This file was generated by libcurl! Edit at your own risk\.

localhost	FALSE	\/	FALSE	[0-9]{10}	RequestTest	[a-zA-Z0-9]{32}
